../Core/Src/stm32f4xx_hal_msp.c:66:6:HAL_MspInit	8	static
../Core/Src/stm32f4xx_hal_msp.c:90:6:HAL_SPI_MspInit	48	static
../Core/Src/stm32f4xx_hal_msp.c:149:6:HAL_SPI_MspDeInit	8	static
../Core/Src/stm32f4xx_hal_msp.c:184:6:HAL_TIM_Base_MspInit	24	static
../Core/Src/stm32f4xx_hal_msp.c:245:6:HAL_TIM_MspPostInit	32	static
../Core/Src/stm32f4xx_hal_msp.c:277:6:HAL_TIM_Base_MspDeInit	0	static
../Core/Src/stm32f4xx_hal_msp.c:344:6:HAL_UART_MspInit	48	static
../Core/Src/stm32f4xx_hal_msp.c:410:6:HAL_UART_MspDeInit	8	static
