../Core/Src/main.c:256:6:IRByteTransmit	56	static
../Core/Src/main.c:313:6:HAL_UART_RxCpltCallback	24	static
../Core/Src/main.c:333:6:HAL_TIM_PeriodElapsedCallback	24	static
../Core/Src/main.c:389:6:HAL_SPI_TxCpltCallback	16	static
../Core/Src/main.c:414:5:main	8	static
../Core/Src/main.c:498:6:SystemClock_Config	88	static
../Core/Src/main.c:545:13:MX_SPI1_Init	8	static
../Core/Src/main.c:583:13:MX_TIM2_Init	64	static
../Core/Src/main.c:642:13:MX_TIM3_Init	32	static
../Core/Src/main.c:687:13:MX_TIM4_Init	32	static
../Core/Src/main.c:732:13:MX_TIM10_Init	8	static
../Core/Src/main.c:763:13:MX_USART1_UART_Init	8	static
../Core/Src/main.c:796:13:MX_USART2_UART_Init	8	static
../Core/Src/main.c:827:13:MX_DMA_Init	16	static
../Core/Src/main.c:845:13:MX_GPIO_Init	48	static
../Core/Src/main.c:891:6:Error_Handler	4	static,ignoring_inline_asm
