../Core/Src/main.c:78:6:HAL_ADC_ConvCpltCallback	40	static
../Core/Src/main.c:107:6:HAL_ADC_ConvHalfCpltCallback	40	static
../Core/Src/main.c:142:5:main	8	static
../Core/Src/main.c:203:6:SystemClock_Config	88	static
../Core/Src/main.c:250:13:MX_ADC1_Init	24	static
../Core/Src/main.c:302:13:MX_TIM2_Init	64	static
../Core/Src/main.c:361:13:MX_TIM3_Init	32	static
../Core/Src/main.c:406:13:MX_USART2_UART_Init	8	static
../Core/Src/main.c:437:13:MX_DMA_Init	16	static
../Core/Src/main.c:455:13:MX_GPIO_Init	48	static
../Core/Src/main.c:481:6:Error_Handler	4	static,ignoring_inline_asm
